C51 COMPILER V9.56.0.0   PAOMADENG                                                         08/11/2019 16:29:19 PAGE 1   


C51 COMPILER V9.56.0.0, COMPILATION OF MODULE PAOMADENG
OBJECT MODULE PLACED IN .\Objects\paomadeng.obj
COMPILER INVOKED BY: D:\keil\C51\BIN\C51.EXE paomadeng.c OPTIMIZE(8,SPEED) BROWSE DEBUG OBJECTEXTEND PRINT(.\Listings\pa
                    -omadeng.lst) TABS(2) OBJECT(.\Objects\paomadeng.obj)

line level    source

   1          #include<reg51.h>
   2          #include<intrins.h>
   3          void delay();
   4          unsigned char a;
   5          void main()
   6          {
   7   1        a=0xfe;
   8   1        while(1)
   9   1        {
  10   2          P1=a;
  11   2          delay();
  12   2          a=_crol_(a,1);
  13   2        }
  14   1      }
  15          void delay()
  16          {
  17   1        int i;
  18   1        for(i=65525;i>0;i--);
  19   1      }


MODULE INFORMATION:   STATIC OVERLAYABLE
   CODE SIZE        =     47    ----
   CONSTANT SIZE    =   ----    ----
   XDATA SIZE       =   ----    ----
   PDATA SIZE       =   ----    ----
   DATA SIZE        =      1    ----
   IDATA SIZE       =   ----    ----
   BIT SIZE         =   ----    ----
END OF MODULE INFORMATION.


C51 COMPILATION COMPLETE.  0 WARNING(S),  0 ERROR(S)
