C51 COMPILER V9.56.0.0   8_LED                                                             08/04/2019 11:31:36 PAGE 1   


C51 COMPILER V9.56.0.0, COMPILATION OF MODULE 8_LED
OBJECT MODULE PLACED IN ..\Output\8_led.obj
COMPILER INVOKED BY: D:\A-work\Program_Files\C51\BIN\C51.EXE ..\User\8_led.c OPTIMIZE(8,SPEED) BROWSE INCDIR(..\User) DE
                    -BUG OBJECTEXTEND PRINT(..\Listening\8_led.lst) TABS(2) OBJECT(..\Output\8_led.obj)

line level    source

   1          #include<reg51.h>
   2          
   3          int main()
   4          {
   5   1        int i;
   6   1            while(1)
   7   1          {
   8   2              P0=0x00;
   9   2              for(i=1000;i>0;i--);
  10   2              P0=0xff;
  11   2              for(i=1000;i>0;i--);
  12   2          }
  13   1          
  14   1      }


MODULE INFORMATION:   STATIC OVERLAYABLE
   CODE SIZE        =     41    ----
   CONSTANT SIZE    =   ----    ----
   XDATA SIZE       =   ----    ----
   PDATA SIZE       =   ----    ----
   DATA SIZE        =   ----    ----
   IDATA SIZE       =   ----    ----
   BIT SIZE         =   ----    ----
END OF MODULE INFORMATION.


C51 COMPILATION COMPLETE.  0 WARNING(S),  0 ERROR(S)
