C51 COMPILER V9.56.0.0   LED_WATER                                                         08/10/2019 13:58:25 PAGE 1   


C51 COMPILER V9.56.0.0, COMPILATION OF MODULE LED_WATER
OBJECT MODULE PLACED IN .\Objects\led water.obj
COMPILER INVOKED BY: D:\dan\C51\BIN\C51.EXE ..\led water\led water.c OPTIMIZE(8,SPEED) BROWSE DEBUG OBJECTEXTEND PRINT(.
                    -\Listings\led water.lst) TABS(2) OBJECT(.\Objects\led water.obj)

line level    source

   1          #include <reg51.h>
   2          
   3          sbit led=P1^0;
   4          
   5          int main()
   6          {
   7   1        while (1)
   8   1        {
   9   2        int a;
  10   2          for(a=0;a<4;a++)
  11   2          {switch(a){
  12   4            case 0:led=0x01;break;
  13   4            case 1:led=0x03;break;
  14   4            case 2:led=0x05;break;
  15   4            case 3:led=0x07;break;
  16   4            default:led=0xfe;break;
  17   4            
  18   4          };
  19   3          };
  20   2        };
  21   1        
  22   1        
  23   1      return 0;
  24   1      }
*** WARNING C294 IN LINE 23 OF ..\led water\led water.c: unreachable code


MODULE INFORMATION:   STATIC OVERLAYABLE
   CODE SIZE        =     58    ----
   CONSTANT SIZE    =   ----    ----
   XDATA SIZE       =   ----    ----
   PDATA SIZE       =   ----    ----
   DATA SIZE        =   ----       2
   IDATA SIZE       =   ----    ----
   BIT SIZE         =   ----    ----
END OF MODULE INFORMATION.


C51 COMPILATION COMPLETE.  1 WARNING(S),  0 ERROR(S)
