C51 COMPILER V9.56.0.0   ________                                                          08/15/2019 20:09:26 PAGE 1   


C51 COMPILER V9.56.0.0, COMPILATION OF MODULE ________
OBJECT MODULE PLACED IN ..\Output\°Ë¼ü°ËµÆ.obj
COMPILER INVOKED BY: E:\Program_Files\Keil956\C51\BIN\C51.EXE ..\User\°Ë¼ü°ËµÆ.C OPTIMIZE(8,SPEED) BROWSE INCDIR(../User
                    -) DEBUG OBJECTEXTEND PRINT(..\Listing\°Ë¼ü°ËµÆ.lst) TABS(2) OBJECT(..\Output\°Ë¼ü°ËµÆ.obj)

line level    source

   1          #include "reg51.h"
   2          sbit button0 =P2^0;
   3          sbit button1 =P2^1;
   4          sbit button2 =P2^2;
   5          sbit button3 =P2^3;
   6          sbit button4 =P2^4;
   7          sbit button5 =P2^5;
   8          sbit button6 =P2^6;
   9          sbit button7 =P2^7;
  10          sbit led0 =P0^0;
  11          sbit led1 =P0^1;
  12          sbit led2 =P0^2;
  13          sbit led3 =P0^3;
  14          sbit led4 =P0^4;
  15          sbit led5 =P0^5;
  16          sbit led6 =P0^6;
  17          sbit led7 =P0^7;
  18          int i;
  19          void delay(void)
  20          { for(i=100;i>0;i--);}
  21          int main()
  22          {  
  23   1       while(1)        
  24   1      {
  25   2          if(0 == button0)
  26   2      {  delay();
  27   3         if(0 == button0)
  28   3         {led0=~led0;}
  29   3         while(0 == button0);}
  30   2      else  if(0 == button1)
  31   2      {   delay();
  32   3         if(0 == button1)
  33   3         {led1=~led1;}
  34   3         while(0 == button1);}
  35   2      else if(0 == button2)
  36   2      {  delay();
  37   3         if(0 == button2)
  38   3         {led2=~led2;}
  39   3         while(0 == button2);}
  40   2      else if(0 == button3)
  41   2      {  delay();
  42   3         if(0 == button3)
  43   3         {led3=~led3;}
  44   3         while(0 == button3);}
  45   2      else if(0 == button4)
  46   2      {  delay();
  47   3         if(0 == button4)
  48   3         {led4=~led4;}
  49   3         while(0 == button4);}
  50   2      else if(0 == button5)
  51   2      {  delay();
  52   3         if(0 == button5)
  53   3         {led5=~led5;}
  54   3         while(0 == button5);}
C51 COMPILER V9.56.0.0   ________                                                          08/15/2019 20:09:26 PAGE 2   

  55   2      else if(0 == button6)
  56   2      {  delay();
  57   3         if(0 == button6)
  58   3         {led6=~led6;}
  59   3         while(0 == button6);}
  60   2      else if(0 == button7)
  61   2      {  delay();
  62   3         if(0 == button7)
  63   3         {led7=~led7;}
  64   3         while(0 == button7);}}}
  65          
  66          


MODULE INFORMATION:   STATIC OVERLAYABLE
   CODE SIZE        =    149    ----
   CONSTANT SIZE    =   ----    ----
   XDATA SIZE       =   ----    ----
   PDATA SIZE       =   ----    ----
   DATA SIZE        =      2    ----
   IDATA SIZE       =   ----    ----
   BIT SIZE         =   ----    ----
END OF MODULE INFORMATION.


C51 COMPILATION COMPLETE.  0 WARNING(S),  0 ERROR(S)
