C51 COMPILER V9.56.0.0   88                                                                08/18/2019 19:17:42 PAGE 1   


C51 COMPILER V9.56.0.0, COMPILATION OF MODULE 88
OBJECT MODULE PLACED IN .\Objects\88.obj
COMPILER INVOKED BY: D:\kijy\keil51\C51\BIN\C51.EXE 88.c OPTIMIZE(8,SPEED) BROWSE DEBUG OBJECTEXTEND PRINT(.\Listings\88
                    -.lst) TABS(2) OBJECT(.\Objects\88.obj)

line level    source

   1          #include <reg51.h>
   2          sbit a=P2^0;
   3          sbit b=P2^1;
   4          sbit c=P2^2;
   5          sbit d=P2^3;
   6          sbit e=P2^4;
   7          sbit f=P2^5;
   8          sbit g=P2^6;
   9          sbit h=P2^7;
  10          sbit i=P0^0;
  11          sbit j=P0^1;
  12          sbit k=P0^2;
  13          sbit l=P0^3;
  14          sbit m=P0^4;
  15          sbit n=P0^5;
  16          sbit o=P0^6;
  17          sbit p=P0^7;
  18          int q;
  19          int r;
  20          int s;
  21          int t;
  22          int u;
  23          int v;
  24          int w;
  25          int x;
  26          int y;
  27          int main()
  28          {
  29   1        a=1;
  30   1        b=1;
  31   1        c=1;
  32   1        d=1;
  33   1        e=1;
  34   1        f=1;
  35   1        g=1;
  36   1        h=1;
  37   1        q=1;
  38   1        r=1;
  39   1        s=1;
  40   1        t=1;
  41   1        u=1;
  42   1        v=1;
  43   1        w=1;
  44   1        x=1;
  45   1        while(1)
  46   1        {
  47   2      
  48   2          if(a==0) q++;
  49   2          if(b==0) r++;
  50   2          if(c==0) s++;
  51   2          if(d==0) t++;
  52   2          if(e==0) u++;
  53   2          if(f==0) v++;
  54   2          if(g==0) w++;
C51 COMPILER V9.56.0.0   88                                                                08/18/2019 19:17:42 PAGE 2   

  55   2          if(h==0) x++;
  56   2        i=q%2;
  57   2        j=r%2;
  58   2        k=s%2;
  59   2        l=t%2;
  60   2        m=u%2;
  61   2        n=v%2;
  62   2        o=w%2;
  63   2        p=x%2;
  64   2          for(y=0;y<500;y++);
  65   2          
  66   2        }
  67   1        return 0;
  68   1      }
*** WARNING C294 IN LINE 67 OF 88.c: unreachable code


MODULE INFORMATION:   STATIC OVERLAYABLE
   CODE SIZE        =    319    ----
   CONSTANT SIZE    =   ----    ----
   XDATA SIZE       =   ----    ----
   PDATA SIZE       =   ----    ----
   DATA SIZE        =     18    ----
   IDATA SIZE       =   ----    ----
   BIT SIZE         =   ----    ----
END OF MODULE INFORMATION.


C51 COMPILATION COMPLETE.  1 WARNING(S),  0 ERROR(S)
